[   0.003] info  | Outpost: Frontier starting
[   0.004] info  | config: Outpost.json
[   0.004] info  | user settings: C:\Users\zwali\AppData\Local\Outpost.Frontier\Settings.json
[   0.004] info  | mode: host
[   0.004] info  | server: port 7777, max sessions 8
[   0.004] info  | universe: GameData/Universe/Frontier.json
[   0.004] info  | economy: GameData/Economy/Economy.json
[   0.004] info  | content: 10 meshes from C:\Users\zwali\source\repos\Outpost.Frontier\x64\Debug\GameData/Meshes
[   0.004] info  | window: 1600x900 windowed, vsync on, ui scale 1.00
[   4.068] info  | universe: read, parsed and hashed in 4064 ms (R17's threshold is ~1000 ms)
[   4.068] info  | universe: 'Frontier' from C:\Users\zwali\source\repos\Outpost.Frontier\x64\Debug\GameData/Universe/Frontier.json (2500 system(s), hash ad9555dd776008a6)
[   4.068] info  | start: system 1 'Vesta-3', grid anchored at (-734132574593023943, -731859766588080745)
[   4.071] info  | economy: read, parsed and hashed in 3 ms from C:\Users\zwali\source\repos\Outpost.Frontier\x64\Debug\GameData/Economy/Economy.json
[   4.071] info  | content: universe ad9555dd776008a6, economy 0b07707ec843431d, mixed 1965b853a23a5115
[   4.071] info  | persistence is off: this shard keeps nothing across a restart
[   4.073] info  | parked fleet: 40 hulls, tightest cross-wing clearance 90.3 m (LANTERN to ECHO)
[   4.199] info  | quic transport listening on 127.0.0.1:7777 (alpn opf/1)
[   4.199] info  | server host started on port 7777 at 20 Hz
[   4.326] info  | window created: 1600x900 client
[   4.340] info  | d3d12 debug layer enabled
[   6.106] info  | d3d12 device created on NVIDIA GeForce RTX 3070 Ti Laptop GPU (tearing supported)
[   6.153] info  | task pool started with 12 worker(s)
[   6.159] info  | pipelines: opaque (5792 + 5088 B), nebula (3036 + 4732 B), overlay (6456 + 5056 B), ui (5892 + 4648 B) built
[   6.243] info  | meshes: 10 classes, 6420 triangles
[   6.247] info  | upload ring: 256 KiB x 3 frames
[   6.256] info  | glyph atlas: Consolas, 4 sizes, 608 glyphs, 1024x256
[   6.335] info  | nebula: 256x256 field over 96000 m (375 m/texel), seed 1
[   6.782] info  | audio: 2 of 2 cue(s) loaded, 8 output channel(s) at 48000 Hz, 32 3D + 16 2D voices
[   6.783] info  | task pool stopped after 14 task(s)
[   6.784] info  | quic transport connecting to 127.0.0.1:7777
[   6.784] info  | client initialised (NVIDIA GeForce RTX 3070 Ti Laptop GPU, vsync on)
[   6.784] info  | entering frame loop
[   6.801] info  | player 1 is known to this shard already; no starting fleet
[   6.801] info  | client 1 joined as '(unnamed)' (player 1)
[   6.802] info  | joined as client 1 (server at tick 51, 20 Hz)
[   6.802] info  | world 1 anchored at (-734132574593023943, -731859766588080745)
[   6.854] info  | first pong: server tick 52, round trip 51.886 ms
[   9.201] info  | net(session 1): rtt 0.30 ms, resends 0, dropped 0, dgrams 61/10, bytes 43233/136
[  11.804] info  | net(client 1): rtt 18.18 ms, ping loss 0.0% (0/20), resends 0, dgrams 20/126, bytes 236/90834
[  14.250] info  | net(session 1): rtt 0.28 ms, resends 0, dropped 0, dgrams 187/30, bytes 133973/336
[  15.113] info  | frame loop ended after 1370 frames
[  15.200] info  | connection 1 said goodbye
[  15.251] info  | client 1 left (reason 1); player 1 may resume for 120 s
[  15.257] info  | server host stopped after 221 ticks (0 overruns)
[  15.258] info  | server ran 221 ticks (0 overruns)
[  15.258] info  | Outpost: Frontier exiting cleanly (0)
